../Core/Src/main.c:161:5:main	8	static
../Core/Src/main.c:266:6:SystemClock_Config	80	static
../Core/Src/main.c:312:13:MX_USART2_UART_Init	8	static
../Core/Src/main.c:345:13:MX_GPIO_Init	48	static
../Core/Src/main.c:384:6:startEncoder	40	static
../Core/Src/main.c:442:6:StartRt1	136	static
../Core/Src/main.c:509:6:StartRt2	152	static
../Core/Src/main.c:577:6:StartScope	136	static
../Core/Src/main.c:625:6:StartDiag	136	static
../Core/Src/main.c:672:6:HAL_TIM_PeriodElapsedCallback	16	static
../Core/Src/main.c:689:6:Error_Handler	4	static,ignoring_inline_asm
